## ğŸ§© System Check â€” Monday, 20 October, 2025 09:00:01 AM PST
### ğŸ• Uptime
 09:00:01 up 1 day, 58 min,  1 user,  load average: 0.20, 0.23, 0.19
### ğŸ’¾ Disk Usage
Filesystem      Size  Used Avail Use% Mounted on
tmpfs           1.2G  1.7M  1.2G   1% /run
efivarfs        128K   96K   28K  78% /sys/firmware/efi/efivars
/dev/sda2       916G   44G  825G   6% /
tmpfs           5.8G     0  5.8G   0% /dev/shm
tmpfs           5.0M   12K  5.0M   1% /run/lock
/dev/sda1       511M  6.2M  505M   2% /boot/efi
tmpfs           1.2G  212K  1.2G   1% /run/user/1000
### ğŸ§  Memory Usage
               total        used        free      shared  buff/cache   available
Mem:            11Gi       4.7Gi       4.0Gi       721Mi       4.1Gi       6.9Gi
Swap:          2.0Gi       160Mi       1.8Gi
### âš™ï¸ Running Services (top 5 CPU)
    PID COMMAND         %CPU
 145304 timeshift       50.0
 128592 Isolated Web Co 12.9
   3015 firefox-bin      9.4
 130022 Isolated Web Co  8.1
   2638 cinnamon         2.9
